<?xml version="1.0" encoding="UTF-8"?>
<testsuites
  disabled="0"
  errors="1"
  failures="19"
  tests="18"
  time="0.03847639s"
>
    <testsuite
      name="formaldef/wrong-assertion.yml"
      tests="4"
      errors="0"
      failures="4"
      time="0.013339546s"
    >
        <testcase
          name="when the assertions are ok"
          assertions="4"
          classname="Webspicy.Web.Specification.TestCase"
          status=""
          time="0.010595916s"
        >
        </testcase>
        <testcase
          name="when an empty is wrong"
          assertions="2"
          classname="Webspicy.Web.Specification.TestCase"
          status=""
          time="0.000724157s"
        >
            <failure
              message="Expected {&quot;ok&quot;:true,&quot;hobbies&quot;:[&quot;pro... to be empty"
              type="Webspicy::Tester::Result::AssertMet"
              ></failure>
            <failure
              message="Expected [&quot;programming&quot;,&quot;quality&quot;,&quot;... to be empty"
              type="Webspicy::Tester::Result::AssertMet"
              ></failure>
        </testcase>
        <testcase
          name="when a pathFD is wrong"
          assertions="1"
          classname="Webspicy.Web.Specification.TestCase"
          status=""
          time="0.00055046s"
        >
            <failure
              message="Expected {&quot;ok&quot;:true,&quot;hobbies&quot;:[&quot;pro... to contain the key(s) and value(s) {:ok=&gt;false}"
              type="Webspicy::Tester::Result::AssertMet"
              ></failure>
        </testcase>
        <testcase
          name="when an size is wrong"
          assertions="1"
          classname="Webspicy.Web.Specification.TestCase"
          status=""
          time="0.000528973s"
        >
            <failure
              message="Expected [&quot;programming&quot;,&quot;quality&quot;,&quot;... to have a size of 4, actual size is: 3"
              type="Webspicy::Tester::Result::AssertMet"
              ></failure>
        </testcase>
    </testsuite>
    <testsuite
      name="formaldef/wrong-checkbox.yml"
      tests="2"
      errors="0"
      failures="4"
      time="0.001670395s"
    >
        <testcase
          name="when the response is as expected"
          assertions="0"
          classname="Webspicy.Web.Specification.TestCase"
          status=""
          time="0.0006356s"
        >
            <failure
              message="&lt;!&gt; Unimplemented postcondition (not instrumented)"
              type="Webspicy::Tester::Result::PostconditionMet"
              ></failure>
            <failure
              message="&lt;x&gt; Succeeding postcondition (is instrumented)"
              type="Webspicy::Tester::Result::PostconditionMet"
              ></failure>
        </testcase>
        <testcase
          name="when the response is as expected"
          assertions="0"
          classname="Webspicy.Web.Specification.TestCase"
          status=""
          time="0.000530107s"
        >
            <failure
              message="&lt;!&gt; Unimplemented errcondition (not instrumented)"
              type="Webspicy::Tester::Result::ErrconditionMet"
              ></failure>
            <failure
              message="&lt;x&gt; Succeeding errcondition (is instrumented)"
              type="Webspicy::Tester::Result::ErrconditionMet"
              ></failure>
        </testcase>
    </testsuite>
    <testsuite
      name="formaldef/wrong-condition.yml"
      tests="2"
      errors="0"
      failures="4"
      time="0.001732271s"
    >
        <testcase
          name="when the response is as expected"
          assertions="0"
          classname="Webspicy.Web.Specification.TestCase"
          status=""
          time="0.000690199s"
        >
            <failure
              message="It is not met"
              type="Webspicy::Tester::Result::PostconditionMet"
              ></failure>
            <failure
              message="Is is not met (deprecated protocol)"
              type="Webspicy::Tester::Result::PostconditionMet"
              ></failure>
        </testcase>
        <testcase
          name="when the response is as expected"
          assertions="0"
          classname="Webspicy.Web.Specification.TestCase"
          status=""
          time="0.000531609s"
        >
            <failure
              message="It is not met"
              type="Webspicy::Tester::Result::ErrconditionMet"
              ></failure>
            <failure
              message="Is is not met (deprecated protocol)"
              type="Webspicy::Tester::Result::ErrconditionMet"
              ></failure>
        </testcase>
        <testcase
          name="Specification can be loaded"
          assertions="1"
          classname="Webspicy.Specification"
          status=""
          time="0.001732271s"
        >
            <error
              message="Invalid Specification `{&quot;name&quot;=&gt;&quot;Not a valid spec...`"
              type="Finitio::TypeError"
            ></error>
        </testcase>
    </testsuite>
    <testsuite
      name="formaldef/wrong-host.yml"
      tests="1"
      errors="1"
      failures="0"
      time="0.000517744s"
    >
        <testcase
          name="when called"
          assertions="0"
          classname="Webspicy.Web.Specification.TestCase"
          status=""
          time="0.000192661s"
        >
            <error
              message="Unable to access host"
              type="Webspicy::Tester::Result::InvocationSuceeded"
            ></error>
        </testcase>
    </testsuite>
    <testsuite
      name="formaldef/wrong-output.yml"
      tests="4"
      errors="0"
      failures="3"
      time="0.005198105s"
    >
        <testcase
          name="when the output is as expected"
          assertions="0"
          classname="Webspicy.Web.Specification.TestCase"
          status=""
          time="0.000645343s"
        >
        </testcase>
        <testcase
          name="when an attribute is missing"
          assertions="0"
          classname="Webspicy.Web.Specification.TestCase"
          status=""
          time="0.002589232s"
        >
            <failure
              message="Invalid output: Missing attribute `hobbies`"
              type="Webspicy::Tester::Result::OutputSchemaMet"
              ></failure>
        </testcase>
        <testcase
          name="when an extra attribute is unexpected"
          assertions="0"
          classname="Webspicy.Web.Specification.TestCase"
          status=""
          time="0.000535935s"
        >
            <failure
              message="Invalid output: Unrecognized attribute `foo`"
              type="Webspicy::Tester::Result::OutputSchemaMet"
              ></failure>
        </testcase>
        <testcase
          name="when a attribute has the wrong type"
          assertions="0"
          classname="Webspicy.Web.Specification.TestCase"
          status=""
          time="0.00052324s"
        >
            <failure
              message="Invalid output: Invalid Boolean `12`"
              type="Webspicy::Tester::Result::OutputSchemaMet"
              ></failure>
        </testcase>
    </testsuite>
    <testsuite
      name="formaldef/wrong-response.yml"
      tests="5"
      errors="0"
      failures="4"
      time="0.0034324s"
    >
        <testcase
          name="when the response is as expected"
          assertions="1"
          classname="Webspicy.Web.Specification.TestCase"
          status=""
          time="0.000622217s"
        >
        </testcase>
        <testcase
          name="when the content type is not as expected"
          assertions="0"
          classname="Webspicy.Web.Specification.TestCase"
          status=""
          time="0.000431735s"
        >
            <failure
              message="Expected response header `Content-Type` to be `text/csv`, got `application/json`"
              type="Webspicy::Tester::Result::ResponseHeaderMet"
              ></failure>
        </testcase>
        <testcase
          name="when the status is not as expected"
          assertions="0"
          classname="Webspicy.Web.Specification.TestCase"
          status=""
          time="0.000454338s"
        >
            <failure
              message="Expected response status to be 400, got 200"
              type="Webspicy::Tester::Result::ResponseStatusMet"
              ></failure>
        </testcase>
        <testcase
          name="when a header is not as expected"
          assertions="0"
          classname="Webspicy.Web.Specification.TestCase"
          status=""
          time="0.000460942s"
        >
            <failure
              message="Expected response header `X-Hello` to be `Dude`, got `World`"
              type="Webspicy::Tester::Result::ResponseHeaderMet"
              ></failure>
        </testcase>
        <testcase
          name="when a header is missing"
          assertions="0"
          classname="Webspicy.Web.Specification.TestCase"
          status=""
          time="0.000457431s"
        >
            <failure
              message="Expected response header `X-NotSet` to be set"
              type="Webspicy::Tester::Result::ResponseHeaderMet"
              ></failure>
        </testcase>
    </testsuite>
</testsuites>
