6 spec files, 15 examples, 2 counterexamples
73 assertions, 0 error, 19 failures

